MPLINK 4.34, Linker
Linker Map File - Created Tue Mar 15 17:13:21 2011

                                 Section Info
                  Section       Type    Address   Location Size(Bytes)
                ---------  ---------  ---------  ---------  ---------
               _entry_scn       code   0x000000    program   0x000006
  _RESET_INTERRUPT_VECTOR       code   0x000800    program   0x000006
                   .cinit    romdata   0x00082a    program   0x00000e
 .code_user_generic_hid.o       code   0x000838    program   0x002786
             .code_usb9.o       code   0x002fbe    program   0x000308
       .code_usbctrltrf.o       code   0x0032c6    program   0x0002f4
              .code_hid.o       code   0x0035ba    program   0x0002ba
           .code_usbdrv.o       code   0x003874    program   0x000186
        .romdata_usbdsc.o    romdata   0x0039fa    program   0x0000a0
               _cinit_scn       code   0x003a9a    program   0x00009e
                     PROG       code   0x003b38    program   0x00005a
             .code_main.o       code   0x003b92    program   0x000032
                    .code       code   0x003bc4    program   0x000020
             _startup_scn       code   0x003be4    program   0x00001c
             D100TCYXCODE       code   0x003c00    program   0x00001c
              D10TCYXCODE       code   0x003c1c    program   0x000016
           .code___init.o       code   0x003c32    program   0x000002
    .romdata_usbctrltrf.o    romdata   0x003c34    program   0x000000
          .romdata_usb9.o    romdata   0x003c34    program   0x000000
       .romdata_usbmmap.o    romdata   0x003c34    program   0x000000
           .romdata_hid.o    romdata   0x003c34    program   0x000000
        .romdata_usbdrv.o    romdata   0x003c34    program   0x000000
.romdata_user_generic_hid.o    romdata   0x003c34    program   0x000000
.idata_user_generic_hid.o_i    romdata   0x003c34    program   0x000002
          .romdata_main.o    romdata   0x003c34    program   0x000000
        .romdata___init.o    romdata   0x003c34    program   0x000000
         .romdata_c018i.o    romdata   0x003c34    program   0x000000
        .idata___init.o_i    romdata   0x003c36    program   0x000000
          .code_usbmmap.o       code   0x003c36    program   0x000000
       .idata_usbmmap.o_i    romdata   0x003c36    program   0x000000
    .idata_usbctrltrf.o_i    romdata   0x003c36    program   0x000000
          .idata_usb9.o_i    romdata   0x003c36    program   0x000000
           .idata_hid.o_i    romdata   0x003c36    program   0x000000
           .code_usbdsc.o       code   0x003c36    program   0x000000
        .idata_usbdsc.o_i    romdata   0x003c36    program   0x000000
        .idata_usbdrv.o_i    romdata   0x003c36    program   0x000000
          .idata_main.o_i    romdata   0x003c36    program   0x000000
            .code_c018i.o       code   0x003c36    program   0x000000
         .idata_c018i.o_i    romdata   0x003c36    program   0x000000
                MATH_DATA      udata   0x000000       data   0x000014
                 .tmpdata      udata   0x000014       data   0x000008
                DELAYDAT1      udata   0x00001c       data   0x000001
.udata_user_generic_hid.o      udata   0x000060       data   0x00008f
           .udata_c018i.o      udata   0x0000ef       data   0x00000a
         .udata_usbmmap.o      udata   0x0000f9       data   0x000004
             .udata_hid.o      udata   0x0000fd       data   0x000003
      .udata_usbctrltrf.o      udata   0x000100       data   0x000008
          .udata_usbdrv.o      udata   0x000108       data   0x000002
.idata_user_generic_hid.o      idata   0x00010a       data   0x000002
          .idata___init.o      idata   0x00010c       data   0x000000
          .udata___init.o      udata   0x00010c       data   0x000000
         .idata_usbmmap.o      idata   0x00010c       data   0x000000
      .idata_usbctrltrf.o      idata   0x00010c       data   0x000000
            .idata_usb9.o      idata   0x00010c       data   0x000000
            .udata_usb9.o      udata   0x00010c       data   0x000000
             .idata_hid.o      idata   0x00010c       data   0x000000
          .idata_usbdsc.o      idata   0x00010c       data   0x000000
          .udata_usbdsc.o      udata   0x00010c       data   0x000000
          .idata_usbdrv.o      idata   0x00010c       data   0x000000
            .idata_main.o      idata   0x00010c       data   0x000000
            .udata_main.o      udata   0x00010c       data   0x000000
           .idata_c018i.o      idata   0x00010c       data   0x000000
                   .stack      udata   0x000300       data   0x000100
                  usbram4      udata   0x000400       data   0x0000b0
            SFR_UNBANKED0      udata   0x000f62       data   0x00009e



                              Program Memory Usage 
                               Start         End      
                           ---------   ---------      
                            0x000000    0x000005      
                            0x000800    0x000805      
                            0x00082a    0x003c35      
            13336 out of 33048 program addresses used, program memory utilization is 40%



                              Symbols - Sorted by Name
                     Name    Address   Location    Storage File                     
                ---------  ---------  ---------  --------- ---------                
           BlinkUSBStatus   0x002e76    program     extern C:\CUI\25 servo controller Surface Mount\user_generic_hid.c
          ClassReqHandler   0x003a98    program     extern C:\CUI\25 servo controller Surface Mount\usbdsc.c
               ClearArray   0x0039d0    program     extern C:\CUI\25 servo controller Surface Mount\usbdrv.c
                   D100_1   0x003c0e    program     static C:\MCC18\src\traditional\delays\d100tcyx.asm
                    D100x   0x003c0c    program     static C:\MCC18\src\traditional\delays\d100tcyx.asm
                    D10_1   0x003c2c    program     static C:\MCC18\src\traditional\delays\d10tcyx.asm
                     D10x   0x003c24    program     static C:\MCC18\src\traditional\delays\d10tcyx.asm
             Delay100TCYx   0x003c00    program     extern C:\MCC18\src\traditional\delays\d100tcyx.asm
              Delay10TCYx   0x003c1c    program     extern C:\MCC18\src\traditional\delays\d10tcyx.asm
                 FXM1616S   0x003b38    program     extern C:\MCC18\src\traditional\math\fxm1616s.asm
        GetFeatureReport0   0x002f2a    program     extern C:\CUI\25 servo controller Surface Mount\user_generic_hid.c
          GetInputReport0   0x002f06    program     extern C:\CUI\25 servo controller Surface Mount\user_generic_hid.c
      HIDGetReportHandler   0x0036ba    program     extern C:\CUI\25 servo controller Surface Mount\hid.c
                HIDInitEP   0x003754    program     extern C:\CUI\25 servo controller Surface Mount\hid.c
              HIDRxReport   0x0037f2    program     extern C:\CUI\25 servo controller Surface Mount\hid.c
      HIDSetReportHandler   0x003710    program     extern C:\CUI\25 servo controller Surface Mount\hid.c
              HIDTxReport   0x00377e    program     extern C:\CUI\25 servo controller Surface Mount\hid.c
   HandleControlOutReport   0x002e10    program     extern C:\CUI\25 servo controller Surface Mount\user_generic_hid.c
         InitializeSystem   0x003b9e    program     static C:\CUI\25 servo controller Surface Mount\main.c
                ProcessIO   0x000924    program     extern C:\CUI\25 servo controller Surface Mount\user_generic_hid.c
           ReportLoopback   0x002ca0    program     extern C:\CUI\25 servo controller Surface Mount\user_generic_hid.c
               TSIGN1616A   0x003b84    program     static C:\MCC18\src\traditional\math\fxm1616s.asm
        USBCheckBusStatus   0x003874    program     extern C:\CUI\25 servo controller Surface Mount\usbdrv.c
       USBCheckHIDRequest   0x0035ba    program     extern C:\CUI\25 servo controller Surface Mount\hid.c
       USBCheckStdRequest   0x002fbe    program     extern C:\CUI\25 servo controller Surface Mount\usb9.c
         USBCtrlEPService   0x0032c6    program     extern C:\CUI\25 servo controller Surface Mount\usbctrltrf.c
 USBCtrlEPServiceComplete   0x003512    program     extern C:\CUI\25 servo controller Surface Mount\usbctrltrf.c
      USBCtrlTrfInHandler   0x003382    program     extern C:\CUI\25 servo controller Surface Mount\usbctrltrf.c
     USBCtrlTrfOutHandler   0x003356    program     extern C:\CUI\25 servo controller Surface Mount\usbctrltrf.c
      USBCtrlTrfRxService   0x003498    program     extern C:\CUI\25 servo controller Surface Mount\usbctrltrf.c
   USBCtrlTrfSetupHandler   0x0032ea    program     extern C:\CUI\25 servo controller Surface Mount\usbctrltrf.c
      USBCtrlTrfTxService   0x0033bc    program     extern C:\CUI\25 servo controller Surface Mount\usbctrltrf.c
         USBDriverService   0x0038b2    program     extern C:\CUI\25 servo controller Surface Mount\usbdrv.c
          USBErrorHandler   0x003988    program     extern C:\CUI\25 servo controller Surface Mount\usbdrv.c
         USBModuleDisable   0x0038a4    program     extern C:\CUI\25 servo controller Surface Mount\usbdrv.c
          USBModuleEnable   0x003896    program     extern C:\CUI\25 servo controller Surface Mount\usbdrv.c
USBPrepareForNextSetupTrf   0x00359e    program     extern C:\CUI\25 servo controller Surface Mount\usbctrltrf.c
  USBProtocolResetHandler   0x00398c    program     extern C:\CUI\25 servo controller Surface Mount\usbdrv.c
          USBRemoteWakeup   0x003952    program     extern C:\CUI\25 servo controller Surface Mount\usbdrv.c
            USBSoftDetach   0x0038ae    program     extern C:\CUI\25 servo controller Surface Mount\usbdrv.c
          USBStallHandler   0x00397a    program     extern C:\CUI\25 servo controller Surface Mount\usbdrv.c
  USBStdFeatureReqHandler   0x003224    program     extern C:\CUI\25 servo controller Surface Mount\usb9.c
      USBStdGetDscHandler   0x003080    program     extern C:\CUI\25 servo controller Surface Mount\usb9.c
   USBStdGetStatusHandler   0x003188    program     extern C:\CUI\25 servo controller Surface Mount\usb9.c
      USBStdSetCfgHandler   0x003138    program     extern C:\CUI\25 servo controller Surface Mount\usb9.c
               USBSuspend   0x003930    program     extern C:\CUI\25 servo controller Surface Mount\usbdrv.c
                 USBTasks   0x003bb6    program     extern C:\CUI\25 servo controller Surface Mount\main.c
       USBWakeFromSuspend   0x00394a    program     extern C:\CUI\25 servo controller Surface Mount\usbdrv.c
               USB_CD_Ptr   0x003a8e    program     extern C:\CUI\25 servo controller Surface Mount\usbdsc.c
               USB_SD_Ptr   0x003a92    program     extern C:\CUI\25 servo controller Surface Mount\usbdsc.c
          USB_SOF_Handler   0x003976    program     extern C:\CUI\25 servo controller Surface Mount\usbdrv.c
                 UserInit   0x000838    program     extern C:\CUI\25 servo controller Surface Mount\user_generic_hid.c
       _D100TCYXCODE_0008   0x003c08    program     static C:\MCC18\src\traditional\delays\d100tcyx.asm
       _D100TCYXCODE_0012   0x003c12    program     static C:\MCC18\src\traditional\delays\d100tcyx.asm
       _D100TCYXCODE_0018   0x003c18    program     static C:\MCC18\src\traditional\delays\d100tcyx.asm
        _D10TCYXCODE_000A   0x003c26    program     static C:\MCC18\src\traditional\delays\d10tcyx.asm
        _D10TCYXCODE_000C   0x003c28    program     static C:\MCC18\src\traditional\delays\d10tcyx.asm
        _D10TCYXCODE_000E   0x003c2a    program     static C:\MCC18\src\traditional\delays\d10tcyx.asm
          ___for_lbl00277   0x002fa0    program     static                          
          ___for_lbl00278   0x002faa    program     static                          
          ___for_lbl00279   0x002f5e    program     static                          
           ___if_lbl00029   0x003944    program     static                          
       ___return_lbl00000   0x000004    program     static                          
       ___return_lbl00000   0x000804    program     static                          
       ___return_lbl00001   0x003bfe    program     static                          
       ___return_lbl00002   0x003b36    program     static                          
       ___return_lbl00028   0x003948    program     static                          
       ___return_lbl00043   0x0039f2    program     static                          
       ___return_lbl00276   0x002faa    program     static                          
        ___while_lbl00044   0x0039e4    program     static                          
        ___while_lbl00045   0x0039f2    program     static                          
                   __init   0x003c32    program     extern C:\MCC18\src\traditional\stdclib\__init.c
               __tmplbl_2   0x002c8c    program     static                          
              __tmplbl_24   0x002f7e    program     static                          
               __tmplbl_3   0x002c8c    program     static                          
               __tmplbl_4   0x002c8a    program     static                          
            __zero_memory   0x003bc4    program     extern C:\MCC18\src\traditional\proc\p18F4550.asm
                _do_cinit   0x003a9a    program     extern C:\MCC18\src\traditional\startup\c018i.c
                   _entry   0x000000    program     extern C:\MCC18\src\traditional\startup\c018i.c
                   _reset   0x000800    program     extern C:\CUI\25 servo controller Surface Mount\main.c
                 _startup   0x003be4    program     extern C:\MCC18\src\traditional\startup\c018i.c
                    cfg01   0x003a0c    program     extern C:\CUI\25 servo controller Surface Mount\usbdsc.c
                compare_l   0x003bda    program     static C:\MCC18\src\traditional\proc\p18F4550.asm
                copy_loop   0x003b0c    program     static                          
            copy_one_byte   0x003b12    program     static                          
               device_dsc   0x0039fa    program     extern C:\CUI\25 servo controller Surface Mount\usbdsc.c
                     done   0x003b36    program     static                          
             done_copying   0x003b20    program     static                          
                hid_rpt01   0x003a5f    program     extern C:\CUI\25 servo controller Surface Mount\usbdsc.c
                     loop   0x003bf4    program     static                          
                   loop_h   0x003bd2    program     static C:\MCC18\src\traditional\proc\p18F4550.asm
                   loop_l   0x003bdc    program     static C:\MCC18\src\traditional\proc\p18F4550.asm
                     main   0x003b92    program     extern C:\CUI\25 servo controller Surface Mount\main.c
                    sd000   0x003a35    program     extern C:\CUI\25 servo controller Surface Mount\usbdsc.c
                    sd001   0x003a39    program     extern C:\CUI\25 servo controller Surface Mount\usbdsc.c
                    sd002   0x003a55    program     extern C:\CUI\25 servo controller Surface Mount\usbdsc.c
                     step   0x002f4e    program     extern C:\CUI\25 servo controller Surface Mount\user_generic_hid.c
                     test   0x003ab4    program     static                          
               zero_block   0x003bd2    program     static C:\MCC18\src\traditional\proc\p18F4550.asm
                   ADCON0   0x000fc2       data     extern C:\MCC18\src\traditional\proc\p18F4550.asm
               ADCON0bits   0x000fc2       data     extern C:\MCC18\src\traditional\proc\p18F4550.asm
                   ADCON1   0x000fc1       data     extern C:\MCC18\src\traditional\proc\p18F4550.asm
               ADCON1bits   0x000fc1       data     extern C:\MCC18\src\traditional\proc\p18F4550.asm
                   ADCON2   0x000fc0       data     extern C:\MCC18\src\traditional\proc\p18F4550.asm
               ADCON2bits   0x000fc0       data     extern C:\MCC18\src\traditional\proc\p18F4550.asm
                    ADRES   0x000fc3       data     extern C:\MCC18\src\traditional\proc\p18F4550.asm
                   ADRESH   0x000fc4       data     extern C:\MCC18\src\traditional\proc\p18F4550.asm
                   ADRESL   0x000fc3       data     extern C:\MCC18\src\traditional\proc\p18F4550.asm
                  BAUDCON   0x000fb8       data     extern C:\MCC18\src\traditional\proc\p18F4550.asm
              BAUDCONbits   0x000fb8       data     extern C:\MCC18\src\traditional\proc\p18F4550.asm
                      BSR   0x000fe0       data     extern C:\MCC18\src\traditional\proc\p18F4550.asm
                   CCP1AS   0x000fb6       data     extern C:\MCC18\src\traditional\proc\p18F4550.asm
               CCP1ASbits   0x000fb6       data     extern C:\MCC18\src\traditional\proc\p18F4550.asm
                  CCP1CON   0x000fbd       data     extern C:\MCC18\src\traditional\proc\p18F4550.asm
              CCP1CONbits   0x000fbd       data     extern C:\MCC18\src\traditional\proc\p18F4550.asm
                  CCP1DEL   0x000fb7       data     extern C:\MCC18\src\traditional\proc\p18F4550.asm
              CCP1DELbits   0x000fb7       data     extern C:\MCC18\src\traditional\proc\p18F4550.asm
                  CCP2CON   0x000fba       data     extern C:\MCC18\src\traditional\proc\p18F4550.asm
              CCP2CONbits   0x000fba       data     extern C:\MCC18\src\traditional\proc\p18F4550.asm
                    CCPR1   0x000fbe       data     extern C:\MCC18\src\traditional\proc\p18F4550.asm
                   CCPR1H   0x000fbf       data     extern C:\MCC18\src\traditional\proc\p18F4550.asm
                   CCPR1L   0x000fbe       data     extern C:\MCC18\src\traditional\proc\p18F4550.asm
                    CCPR2   0x000fbb       data     extern C:\MCC18\src\traditional\proc\p18F4550.asm
                   CCPR2H   0x000fbc       data     extern C:\MCC18\src\traditional\proc\p18F4550.asm
                   CCPR2L   0x000fbb       data     extern C:\MCC18\src\traditional\proc\p18F4550.asm
                    CMCON   0x000fb4       data     extern C:\MCC18\src\traditional\proc\p18F4550.asm
                CMCONbits   0x000fb4       data     extern C:\MCC18\src\traditional\proc\p18F4550.asm
                   CVRCON   0x000fb5       data     extern C:\MCC18\src\traditional\proc\p18F4550.asm
               CVRCONbits   0x000fb5       data     extern C:\MCC18\src\traditional\proc\p18F4550.asm
              CtrlTrfData   0x000430       data     extern C:\CUI\25 servo controller Surface Mount\usbmmap.c
                     DDRA   0x000f92       data     extern C:\MCC18\src\traditional\proc\p18F4550.asm
                 DDRAbits   0x000f92       data     extern C:\MCC18\src\traditional\proc\p18F4550.asm
                     DDRB   0x000f93       data     extern C:\MCC18\src\traditional\proc\p18F4550.asm
                 DDRBbits   0x000f93       data     extern C:\MCC18\src\traditional\proc\p18F4550.asm
                     DDRC   0x000f94       data     extern C:\MCC18\src\traditional\proc\p18F4550.asm
                 DDRCbits   0x000f94       data     extern C:\MCC18\src\traditional\proc\p18F4550.asm
                     DDRD   0x000f95       data     extern C:\MCC18\src\traditional\proc\p18F4550.asm
                 DDRDbits   0x000f95       data     extern C:\MCC18\src\traditional\proc\p18F4550.asm
                     DDRE   0x000f96       data     extern C:\MCC18\src\traditional\proc\p18F4550.asm
                 DDREbits   0x000f96       data     extern C:\MCC18\src\traditional\proc\p18F4550.asm
            DelayCounter1   0x00001c       data     extern C:\MCC18\src\traditional\delays\delayd1.asm
                  ECCP1AS   0x000fb6       data     extern C:\MCC18\src\traditional\proc\p18F4550.asm
              ECCP1ASbits   0x000fb6       data     extern C:\MCC18\src\traditional\proc\p18F4550.asm
                 ECCP1CON   0x000fbd       data     extern C:\MCC18\src\traditional\proc\p18F4550.asm
             ECCP1CONbits   0x000fbd       data     extern C:\MCC18\src\traditional\proc\p18F4550.asm
                 ECCP1DEL   0x000fb7       data     extern C:\MCC18\src\traditional\proc\p18F4550.asm
             ECCP1DELbits   0x000fb7       data     extern C:\MCC18\src\traditional\proc\p18F4550.asm
                    EEADR   0x000fa9       data     extern C:\MCC18\src\traditional\proc\p18F4550.asm
                   EECON1   0x000fa6       data     extern C:\MCC18\src\traditional\proc\p18F4550.asm
               EECON1bits   0x000fa6       data     extern C:\MCC18\src\traditional\proc\p18F4550.asm
                   EECON2   0x000fa7       data     extern C:\MCC18\src\traditional\proc\p18F4550.asm
                   EEDATA   0x000fa8       data     extern C:\MCC18\src\traditional\proc\p18F4550.asm
                     FSR0   0x000fe9       data     extern C:\MCC18\src\traditional\proc\p18F4550.asm
                    FSR0H   0x000fea       data     extern C:\MCC18\src\traditional\proc\p18F4550.asm
                    FSR0L   0x000fe9       data     extern C:\MCC18\src\traditional\proc\p18F4550.asm
                     FSR1   0x000fe1       data     extern C:\MCC18\src\traditional\proc\p18F4550.asm
                    FSR1H   0x000fe2       data     extern C:\MCC18\src\traditional\proc\p18F4550.asm
                    FSR1L   0x000fe1       data     extern C:\MCC18\src\traditional\proc\p18F4550.asm
                     FSR2   0x000fd9       data     extern C:\MCC18\src\traditional\proc\p18F4550.asm
                    FSR2H   0x000fda       data     extern C:\MCC18\src\traditional\proc\p18F4550.asm
                    FSR2L   0x000fd9       data     extern C:\MCC18\src\traditional\proc\p18F4550.asm
                  HLVDCON   0x000fd2       data     extern C:\MCC18\src\traditional\proc\p18F4550.asm
              HLVDCONbits   0x000fd2       data     extern C:\MCC18\src\traditional\proc\p18F4550.asm
                    INDF0   0x000fef       data     extern C:\MCC18\src\traditional\proc\p18F4550.asm
                    INDF1   0x000fe7       data     extern C:\MCC18\src\traditional\proc\p18F4550.asm
                    INDF2   0x000fdf       data     extern C:\MCC18\src\traditional\proc\p18F4550.asm
                   INTCON   0x000ff2       data     extern C:\MCC18\src\traditional\proc\p18F4550.asm
                  INTCON2   0x000ff1       data     extern C:\MCC18\src\traditional\proc\p18F4550.asm
              INTCON2bits   0x000ff1       data     extern C:\MCC18\src\traditional\proc\p18F4550.asm
                  INTCON3   0x000ff0       data     extern C:\MCC18\src\traditional\proc\p18F4550.asm
              INTCON3bits   0x000ff0       data     extern C:\MCC18\src\traditional\proc\p18F4550.asm
               INTCONbits   0x000ff2       data     extern C:\MCC18\src\traditional\proc\p18F4550.asm
                     IPR1   0x000f9f       data     extern C:\MCC18\src\traditional\proc\p18F4550.asm
                 IPR1bits   0x000f9f       data     extern C:\MCC18\src\traditional\proc\p18F4550.asm
                     IPR2   0x000fa2       data     extern C:\MCC18\src\traditional\proc\p18F4550.asm
                 IPR2bits   0x000fa2       data     extern C:\MCC18\src\traditional\proc\p18F4550.asm
                     LATA   0x000f89       data     extern C:\MCC18\src\traditional\proc\p18F4550.asm
                 LATAbits   0x000f89       data     extern C:\MCC18\src\traditional\proc\p18F4550.asm
                     LATB   0x000f8a       data     extern C:\MCC18\src\traditional\proc\p18F4550.asm
                 LATBbits   0x000f8a       data     extern C:\MCC18\src\traditional\proc\p18F4550.asm
                     LATC   0x000f8b       data     extern C:\MCC18\src\traditional\proc\p18F4550.asm
                 LATCbits   0x000f8b       data     extern C:\MCC18\src\traditional\proc\p18F4550.asm
                     LATD   0x000f8c       data     extern C:\MCC18\src\traditional\proc\p18F4550.asm
                 LATDbits   0x000f8c       data     extern C:\MCC18\src\traditional\proc\p18F4550.asm
                     LATE   0x000f8d       data     extern C:\MCC18\src\traditional\proc\p18F4550.asm
                 LATEbits   0x000f8d       data     extern C:\MCC18\src\traditional\proc\p18F4550.asm
                   LVDCON   0x000fd2       data     extern C:\MCC18\src\traditional\proc\p18F4550.asm
               LVDCONbits   0x000fd2       data     extern C:\MCC18\src\traditional\proc\p18F4550.asm
                   OSCCON   0x000fd3       data     extern C:\MCC18\src\traditional\proc\p18F4550.asm
               OSCCONbits   0x000fd3       data     extern C:\MCC18\src\traditional\proc\p18F4550.asm
                  OSCTUNE   0x000f9b       data     extern C:\MCC18\src\traditional\proc\p18F4550.asm
              OSCTUNEbits   0x000f9b       data     extern C:\MCC18\src\traditional\proc\p18F4550.asm
                       PC   0x000ff9       data     extern C:\MCC18\src\traditional\proc\p18F4550.asm
                      PCL   0x000ff9       data     extern C:\MCC18\src\traditional\proc\p18F4550.asm
                   PCLATH   0x000ffa       data     extern C:\MCC18\src\traditional\proc\p18F4550.asm
                   PCLATU   0x000ffb       data     extern C:\MCC18\src\traditional\proc\p18F4550.asm
                     PIE1   0x000f9d       data     extern C:\MCC18\src\traditional\proc\p18F4550.asm
                 PIE1bits   0x000f9d       data     extern C:\MCC18\src\traditional\proc\p18F4550.asm
                     PIE2   0x000fa0       data     extern C:\MCC18\src\traditional\proc\p18F4550.asm
                 PIE2bits   0x000fa0       data     extern C:\MCC18\src\traditional\proc\p18F4550.asm
                     PIR1   0x000f9e       data     extern C:\MCC18\src\traditional\proc\p18F4550.asm
                 PIR1bits   0x000f9e       data     extern C:\MCC18\src\traditional\proc\p18F4550.asm
                     PIR2   0x000fa1       data     extern C:\MCC18\src\traditional\proc\p18F4550.asm
                 PIR2bits   0x000fa1       data     extern C:\MCC18\src\traditional\proc\p18F4550.asm
                   PLUSW0   0x000feb       data     extern C:\MCC18\src\traditional\proc\p18F4550.asm
                   PLUSW1   0x000fe3       data     extern C:\MCC18\src\traditional\proc\p18F4550.asm
                   PLUSW2   0x000fdb       data     extern C:\MCC18\src\traditional\proc\p18F4550.asm
                    PORTA   0x000f80       data     extern C:\MCC18\src\traditional\proc\p18F4550.asm
                PORTAbits   0x000f80       data     extern C:\MCC18\src\traditional\proc\p18F4550.asm
                    PORTB   0x000f81       data     extern C:\MCC18\src\traditional\proc\p18F4550.asm
                PORTBbits   0x000f81       data     extern C:\MCC18\src\traditional\proc\p18F4550.asm
                    PORTC   0x000f82       data     extern C:\MCC18\src\traditional\proc\p18F4550.asm
                PORTCbits   0x000f82       data     extern C:\MCC18\src\traditional\proc\p18F4550.asm
                    PORTD   0x000f83       data     extern C:\MCC18\src\traditional\proc\p18F4550.asm
                PORTDbits   0x000f83       data     extern C:\MCC18\src\traditional\proc\p18F4550.asm
                    PORTE   0x000f84       data     extern C:\MCC18\src\traditional\proc\p18F4550.asm
                PORTEbits   0x000f84       data     extern C:\MCC18\src\traditional\proc\p18F4550.asm
                 POSTDEC0   0x000fed       data     extern C:\MCC18\src\traditional\proc\p18F4550.asm
                 POSTDEC1   0x000fe5       data     extern C:\MCC18\src\traditional\proc\p18F4550.asm
                 POSTDEC2   0x000fdd       data     extern C:\MCC18\src\traditional\proc\p18F4550.asm
                 POSTINC0   0x000fee       data     extern C:\MCC18\src\traditional\proc\p18F4550.asm
                 POSTINC1   0x000fe6       data     extern C:\MCC18\src\traditional\proc\p18F4550.asm
                 POSTINC2   0x000fde       data     extern C:\MCC18\src\traditional\proc\p18F4550.asm
                      PR2   0x000fcb       data     extern C:\MCC18\src\traditional\proc\p18F4550.asm
                  PREINC0   0x000fec       data     extern C:\MCC18\src\traditional\proc\p18F4550.asm
                  PREINC1   0x000fe4       data     extern C:\MCC18\src\traditional\proc\p18F4550.asm
                  PREINC2   0x000fdc       data     extern C:\MCC18\src\traditional\proc\p18F4550.asm
                     PROD   0x000ff3       data     extern C:\MCC18\src\traditional\proc\p18F4550.asm
                    PRODH   0x000ff4       data     extern C:\MCC18\src\traditional\proc\p18F4550.asm
                    PRODL   0x000ff3       data     extern C:\MCC18\src\traditional\proc\p18F4550.asm
                     RCON   0x000fd0       data     extern C:\MCC18\src\traditional\proc\p18F4550.asm
                 RCONbits   0x000fd0       data     extern C:\MCC18\src\traditional\proc\p18F4550.asm
                    RCREG   0x000fae       data     extern C:\MCC18\src\traditional\proc\p18F4550.asm
                    RCSTA   0x000fab       data     extern C:\MCC18\src\traditional\proc\p18F4550.asm
                RCSTAbits   0x000fab       data     extern C:\MCC18\src\traditional\proc\p18F4550.asm
                     SIGN   0x000000       data     extern C:\MCC18\src\traditional\math\cmath18.asm
                    SPBRG   0x000faf       data     extern C:\MCC18\src\traditional\proc\p18F4550.asm
                   SPBRGH   0x000fb0       data     extern C:\MCC18\src\traditional\proc\p18F4550.asm
                   SPPCFG   0x000f63       data     extern C:\MCC18\src\traditional\proc\p18F4550.asm
               SPPCFGbits   0x000f63       data     extern C:\MCC18\src\traditional\proc\p18F4550.asm
                   SPPCON   0x000f65       data     extern C:\MCC18\src\traditional\proc\p18F4550.asm
               SPPCONbits   0x000f65       data     extern C:\MCC18\src\traditional\proc\p18F4550.asm
                  SPPDATA   0x000f62       data     extern C:\MCC18\src\traditional\proc\p18F4550.asm
                   SPPEPS   0x000f64       data     extern C:\MCC18\src\traditional\proc\p18F4550.asm
               SPPEPSbits   0x000f64       data     extern C:\MCC18\src\traditional\proc\p18F4550.asm
                   SSPADD   0x000fc8       data     extern C:\MCC18\src\traditional\proc\p18F4550.asm
                   SSPBUF   0x000fc9       data     extern C:\MCC18\src\traditional\proc\p18F4550.asm
                  SSPCON1   0x000fc6       data     extern C:\MCC18\src\traditional\proc\p18F4550.asm
              SSPCON1bits   0x000fc6       data     extern C:\MCC18\src\traditional\proc\p18F4550.asm
                  SSPCON2   0x000fc5       data     extern C:\MCC18\src\traditional\proc\p18F4550.asm
              SSPCON2bits   0x000fc5       data     extern C:\MCC18\src\traditional\proc\p18F4550.asm
                  SSPSTAT   0x000fc7       data     extern C:\MCC18\src\traditional\proc\p18F4550.asm
              SSPSTATbits   0x000fc7       data     extern C:\MCC18\src\traditional\proc\p18F4550.asm
                   STATUS   0x000fd8       data     extern C:\MCC18\src\traditional\proc\p18F4550.asm
               STATUSbits   0x000fd8       data     extern C:\MCC18\src\traditional\proc\p18F4550.asm
                   STKPTR   0x000ffc       data     extern C:\MCC18\src\traditional\proc\p18F4550.asm
               STKPTRbits   0x000ffc       data     extern C:\MCC18\src\traditional\proc\p18F4550.asm
                 SetupPkt   0x000410       data     extern C:\CUI\25 servo controller Surface Mount\usbmmap.c
                    T0CON   0x000fd5       data     extern C:\MCC18\src\traditional\proc\p18F4550.asm
                T0CONbits   0x000fd5       data     extern C:\MCC18\src\traditional\proc\p18F4550.asm
                    T1CON   0x000fcd       data     extern C:\MCC18\src\traditional\proc\p18F4550.asm
                T1CONbits   0x000fcd       data     extern C:\MCC18\src\traditional\proc\p18F4550.asm
                    T2CON   0x000fca       data     extern C:\MCC18\src\traditional\proc\p18F4550.asm
                T2CONbits   0x000fca       data     extern C:\MCC18\src\traditional\proc\p18F4550.asm
                    T3CON   0x000fb1       data     extern C:\MCC18\src\traditional\proc\p18F4550.asm
                T3CONbits   0x000fb1       data     extern C:\MCC18\src\traditional\proc\p18F4550.asm
                   TABLAT   0x000ff5       data     extern C:\MCC18\src\traditional\proc\p18F4550.asm
                   TBLPTR   0x000ff6       data     extern C:\MCC18\src\traditional\proc\p18F4550.asm
                  TBLPTRH   0x000ff7       data     extern C:\MCC18\src\traditional\proc\p18F4550.asm
                  TBLPTRL   0x000ff6       data     extern C:\MCC18\src\traditional\proc\p18F4550.asm
                  TBLPTRU   0x000ff8       data     extern C:\MCC18\src\traditional\proc\p18F4550.asm
                    TMR0H   0x000fd7       data     extern C:\MCC18\src\traditional\proc\p18F4550.asm
                    TMR0L   0x000fd6       data     extern C:\MCC18\src\traditional\proc\p18F4550.asm
                    TMR1H   0x000fcf       data     extern C:\MCC18\src\traditional\proc\p18F4550.asm
                    TMR1L   0x000fce       data     extern C:\MCC18\src\traditional\proc\p18F4550.asm
                     TMR2   0x000fcc       data     extern C:\MCC18\src\traditional\proc\p18F4550.asm
                    TMR3H   0x000fb3       data     extern C:\MCC18\src\traditional\proc\p18F4550.asm
                    TMR3L   0x000fb2       data     extern C:\MCC18\src\traditional\proc\p18F4550.asm
                      TOS   0x000ffd       data     extern C:\MCC18\src\traditional\proc\p18F4550.asm
                     TOSH   0x000ffe       data     extern C:\MCC18\src\traditional\proc\p18F4550.asm
                     TOSL   0x000ffd       data     extern C:\MCC18\src\traditional\proc\p18F4550.asm
                     TOSU   0x000fff       data     extern C:\MCC18\src\traditional\proc\p18F4550.asm
                    TRISA   0x000f92       data     extern C:\MCC18\src\traditional\proc\p18F4550.asm
                TRISAbits   0x000f92       data     extern C:\MCC18\src\traditional\proc\p18F4550.asm
                    TRISB   0x000f93       data     extern C:\MCC18\src\traditional\proc\p18F4550.asm
                TRISBbits   0x000f93       data     extern C:\MCC18\src\traditional\proc\p18F4550.asm
                    TRISC   0x000f94       data     extern C:\MCC18\src\traditional\proc\p18F4550.asm
                TRISCbits   0x000f94       data     extern C:\MCC18\src\traditional\proc\p18F4550.asm
                    TRISD   0x000f95       data     extern C:\MCC18\src\traditional\proc\p18F4550.asm
                TRISDbits   0x000f95       data     extern C:\MCC18\src\traditional\proc\p18F4550.asm
                    TRISE   0x000f96       data     extern C:\MCC18\src\traditional\proc\p18F4550.asm
                TRISEbits   0x000f96       data     extern C:\MCC18\src\traditional\proc\p18F4550.asm
                    TXREG   0x000fad       data     extern C:\MCC18\src\traditional\proc\p18F4550.asm
                    TXSTA   0x000fac       data     extern C:\MCC18\src\traditional\proc\p18F4550.asm
                TXSTAbits   0x000fac       data     extern C:\MCC18\src\traditional\proc\p18F4550.asm
                    UADDR   0x000f6e       data     extern C:\MCC18\src\traditional\proc\p18F4550.asm
                UADDRbits   0x000f6e       data     extern C:\MCC18\src\traditional\proc\p18F4550.asm
                     UCFG   0x000f6f       data     extern C:\MCC18\src\traditional\proc\p18F4550.asm
                 UCFGbits   0x000f6f       data     extern C:\MCC18\src\traditional\proc\p18F4550.asm
                     UCON   0x000f6d       data     extern C:\MCC18\src\traditional\proc\p18F4550.asm
                 UCONbits   0x000f6d       data     extern C:\MCC18\src\traditional\proc\p18F4550.asm
                     UEIE   0x000f6b       data     extern C:\MCC18\src\traditional\proc\p18F4550.asm
                 UEIEbits   0x000f6b       data     extern C:\MCC18\src\traditional\proc\p18F4550.asm
                     UEIR   0x000f6a       data     extern C:\MCC18\src\traditional\proc\p18F4550.asm
                 UEIRbits   0x000f6a       data     extern C:\MCC18\src\traditional\proc\p18F4550.asm
                     UEP0   0x000f70       data     extern C:\MCC18\src\traditional\proc\p18F4550.asm
                 UEP0bits   0x000f70       data     extern C:\MCC18\src\traditional\proc\p18F4550.asm
                     UEP1   0x000f71       data     extern C:\MCC18\src\traditional\proc\p18F4550.asm
                    UEP10   0x000f7a       data     extern C:\MCC18\src\traditional\proc\p18F4550.asm
                UEP10bits   0x000f7a       data     extern C:\MCC18\src\traditional\proc\p18F4550.asm
                    UEP11   0x000f7b       data     extern C:\MCC18\src\traditional\proc\p18F4550.asm
                UEP11bits   0x000f7b       data     extern C:\MCC18\src\traditional\proc\p18F4550.asm
                    UEP12   0x000f7c       data     extern C:\MCC18\src\traditional\proc\p18F4550.asm
                UEP12bits   0x000f7c       data     extern C:\MCC18\src\traditional\proc\p18F4550.asm
                    UEP13   0x000f7d       data     extern C:\MCC18\src\traditional\proc\p18F4550.asm
                UEP13bits   0x000f7d       data     extern C:\MCC18\src\traditional\proc\p18F4550.asm
                    UEP14   0x000f7e       data     extern C:\MCC18\src\traditional\proc\p18F4550.asm
                UEP14bits   0x000f7e       data     extern C:\MCC18\src\traditional\proc\p18F4550.asm
                    UEP15   0x000f7f       data     extern C:\MCC18\src\traditional\proc\p18F4550.asm
                UEP15bits   0x000f7f       data     extern C:\MCC18\src\traditional\proc\p18F4550.asm
                 UEP1bits   0x000f71       data     extern C:\MCC18\src\traditional\proc\p18F4550.asm
                     UEP2   0x000f72       data     extern C:\MCC18\src\traditional\proc\p18F4550.asm
                 UEP2bits   0x000f72       data     extern C:\MCC18\src\traditional\proc\p18F4550.asm
                     UEP3   0x000f73       data     extern C:\MCC18\src\traditional\proc\p18F4550.asm
                 UEP3bits   0x000f73       data     extern C:\MCC18\src\traditional\proc\p18F4550.asm
                     UEP4   0x000f74       data     extern C:\MCC18\src\traditional\proc\p18F4550.asm
                 UEP4bits   0x000f74       data     extern C:\MCC18\src\traditional\proc\p18F4550.asm
                     UEP5   0x000f75       data     extern C:\MCC18\src\traditional\proc\p18F4550.asm
                 UEP5bits   0x000f75       data     extern C:\MCC18\src\traditional\proc\p18F4550.asm
                     UEP6   0x000f76       data     extern C:\MCC18\src\traditional\proc\p18F4550.asm
                 UEP6bits   0x000f76       data     extern C:\MCC18\src\traditional\proc\p18F4550.asm
                     UEP7   0x000f77       data     extern C:\MCC18\src\traditional\proc\p18F4550.asm
                 UEP7bits   0x000f77       data     extern C:\MCC18\src\traditional\proc\p18F4550.asm
                     UEP8   0x000f78       data     extern C:\MCC18\src\traditional\proc\p18F4550.asm
                 UEP8bits   0x000f78       data     extern C:\MCC18\src\traditional\proc\p18F4550.asm
                     UEP9   0x000f79       data     extern C:\MCC18\src\traditional\proc\p18F4550.asm
                 UEP9bits   0x000f79       data     extern C:\MCC18\src\traditional\proc\p18F4550.asm
                     UFRM   0x000f66       data     extern C:\MCC18\src\traditional\proc\p18F4550.asm
                    UFRMH   0x000f67       data     extern C:\MCC18\src\traditional\proc\p18F4550.asm
                UFRMHbits   0x000f67       data     extern C:\MCC18\src\traditional\proc\p18F4550.asm
                    UFRML   0x000f66       data     extern C:\MCC18\src\traditional\proc\p18F4550.asm
                UFRMLbits   0x000f66       data     extern C:\MCC18\src\traditional\proc\p18F4550.asm
                      UIE   0x000f69       data     extern C:\MCC18\src\traditional\proc\p18F4550.asm
                  UIEbits   0x000f69       data     extern C:\MCC18\src\traditional\proc\p18F4550.asm
                      UIR   0x000f68       data     extern C:\MCC18\src\traditional\proc\p18F4550.asm
                  UIRbits   0x000f68       data     extern C:\MCC18\src\traditional\proc\p18F4550.asm
                    USTAT   0x000f6c       data     extern C:\MCC18\src\traditional\proc\p18F4550.asm
                USTATbits   0x000f6c       data     extern C:\MCC18\src\traditional\proc\p18F4550.asm
                   WDTCON   0x000fd1       data     extern C:\MCC18\src\traditional\proc\p18F4550.asm
               WDTCONbits   0x000fd1       data     extern C:\MCC18\src\traditional\proc\p18F4550.asm
                     WREG   0x000fe8       data     extern C:\MCC18\src\traditional\proc\p18F4550.asm
                 __AARGB0   0x000009       data     extern C:\MCC18\src\traditional\math\aarg.asm
                 __AARGB1   0x000008       data     extern C:\MCC18\src\traditional\math\aarg.asm
                 __AARGB2   0x000007       data     extern C:\MCC18\src\traditional\math\aarg.asm
                 __AARGB3   0x000006       data     extern C:\MCC18\src\traditional\math\aarg.asm
                 __AARGB4   0x000005       data     extern C:\MCC18\src\traditional\math\aarg.asm
                 __AARGB5   0x000004       data     extern C:\MCC18\src\traditional\math\aarg.asm
                 __AARGB6   0x000003       data     extern C:\MCC18\src\traditional\math\aarg.asm
                 __AARGB7   0x000002       data     extern C:\MCC18\src\traditional\math\aarg.asm
                   __AEXP   0x00000a       data     extern C:\MCC18\src\traditional\math\aarg.asm
                 __BARGB0   0x00000e       data     extern C:\MCC18\src\traditional\math\barg.asm
                 __BARGB1   0x00000d       data     extern C:\MCC18\src\traditional\math\barg.asm
                 __BARGB2   0x00000c       data     extern C:\MCC18\src\traditional\math\barg.asm
                 __BARGB3   0x00000b       data     extern C:\MCC18\src\traditional\math\barg.asm
                   __BEXP   0x00000f       data     extern C:\MCC18\src\traditional\math\barg.asm
                __FPFLAGS   0x000001       data     extern C:\MCC18\src\traditional\math\cmath18.asm
            __FPFLAGSbits   0x000001       data     extern C:\MCC18\src\traditional\math\cmath18.asm
                  __REMB0   0x000005       data     extern C:\MCC18\src\traditional\math\aarg.asm
                  __REMB1   0x000004       data     extern C:\MCC18\src\traditional\math\aarg.asm
                  __REMB2   0x000003       data     extern C:\MCC18\src\traditional\math\aarg.asm
                  __REMB3   0x000002       data     extern C:\MCC18\src\traditional\math\aarg.asm
                   __TEMP   0x000013       data     extern C:\MCC18\src\traditional\math\temparg.asm
                 __TEMPB0   0x000013       data     extern C:\MCC18\src\traditional\math\temparg.asm
                 __TEMPB1   0x000012       data     extern C:\MCC18\src\traditional\math\temparg.asm
                 __TEMPB2   0x000011       data     extern C:\MCC18\src\traditional\math\temparg.asm
                 __TEMPB3   0x000010       data     extern C:\MCC18\src\traditional\math\temparg.asm
                  __tmp_0   0x000014       data     static C:\CUI\25 servo controller Surface Mount\user_generic_hid.c
                  __tmp_0   0x000014       data     static C:\CUI\25 servo controller Surface Mount\hid.c
                  __tmp_0   0x000014       data     static C:\CUI\25 servo controller Surface Mount\usb9.c
                  __tmp_0   0x000014       data     static C:\CUI\25 servo controller Surface Mount\usbctrltrf.c
          active_protocol   0x0000fe       data     extern C:\CUI\25 servo controller Surface Mount\hid.c
                    count   0x0000a1       data     extern C:\CUI\25 servo controller Surface Mount\user_generic_hid.c
   ctrl_trf_session_owner   0x000101       data     extern C:\CUI\25 servo controller Surface Mount\usbctrltrf.c
           ctrl_trf_state   0x000100       data     extern C:\CUI\25 servo controller Surface Mount\usbctrltrf.c
                curr_byte   0x0000f2       data     static C:\MCC18\src\traditional\startup\c018i.c
               curr_entry   0x0000f4       data     static C:\MCC18\src\traditional\startup\c018i.c
                 data_ptr   0x0000f6       data     static C:\MCC18\src\traditional\startup\c018i.c
              delay_count   0x000108       data     static C:\CUI\25 servo controller Surface Mount\usbdrv.c
                     dif1   0x0000d5       data     extern C:\CUI\25 servo controller Surface Mount\user_generic_hid.c
                    dif10   0x0000e7       data     extern C:\CUI\25 servo controller Surface Mount\user_generic_hid.c
                    dif11   0x0000e9       data     extern C:\CUI\25 servo controller Surface Mount\user_generic_hid.c
                    dif12   0x0000eb       data     extern C:\CUI\25 servo controller Surface Mount\user_generic_hid.c
                    dif13   0x0000ed       data     extern C:\CUI\25 servo controller Surface Mount\user_generic_hid.c
                     dif2   0x0000d7       data     extern C:\CUI\25 servo controller Surface Mount\user_generic_hid.c
                     dif3   0x0000d9       data     extern C:\CUI\25 servo controller Surface Mount\user_generic_hid.c
                     dif4   0x0000db       data     extern C:\CUI\25 servo controller Surface Mount\user_generic_hid.c
                     dif5   0x0000dd       data     extern C:\CUI\25 servo controller Surface Mount\user_generic_hid.c
                     dif6   0x0000df       data     extern C:\CUI\25 servo controller Surface Mount\user_generic_hid.c
                     dif7   0x0000e1       data     extern C:\CUI\25 servo controller Surface Mount\user_generic_hid.c
                     dif8   0x0000e3       data     extern C:\CUI\25 servo controller Surface Mount\user_generic_hid.c
                     dif9   0x0000e5       data     extern C:\CUI\25 servo controller Surface Mount\user_generic_hid.c
                    ep0Bi   0x000404       data     extern C:\CUI\25 servo controller Surface Mount\usbmmap.c
                    ep0Bo   0x000400       data     extern C:\CUI\25 servo controller Surface Mount\usbmmap.c
                    ep1Bi   0x00040c       data     extern C:\CUI\25 servo controller Surface Mount\usbmmap.c
                    ep1Bo   0x000408       data     extern C:\CUI\25 servo controller Surface Mount\usbmmap.c
       hid_report_feature   0x000490       data     extern C:\CUI\25 servo controller Surface Mount\usbmmap.c
            hid_report_in   0x000470       data     extern C:\CUI\25 servo controller Surface Mount\usbmmap.c
           hid_report_out   0x000450       data     extern C:\CUI\25 servo controller Surface Mount\usbmmap.c
           hid_rpt_rx_len   0x0000ff       data     extern C:\CUI\25 servo controller Surface Mount\hid.c
                idle_rate   0x0000fd       data     extern C:\CUI\25 servo controller Surface Mount\hid.c
                led_count   0x00010a       data     static C:\CUI\25 servo controller Surface Mount\user_generic_hid.c
     number_of_bytes_read   0x000060       data     extern C:\CUI\25 servo controller Surface Mount\user_generic_hid.c
                     pDst   0x000104       data     extern C:\CUI\25 servo controller Surface Mount\usbctrltrf.c
                     pSrc   0x000102       data     extern C:\CUI\25 servo controller Surface Mount\usbctrltrf.c
                     prom   0x0000ef       data     static C:\MCC18\src\traditional\startup\c018i.c
                   pulse1   0x0000a3       data     extern C:\CUI\25 servo controller Surface Mount\user_generic_hid.c
                  pulse10   0x0000b5       data     extern C:\CUI\25 servo controller Surface Mount\user_generic_hid.c
                  pulse11   0x0000b7       data     extern C:\CUI\25 servo controller Surface Mount\user_generic_hid.c
                  pulse12   0x0000b9       data     extern C:\CUI\25 servo controller Surface Mount\user_generic_hid.c
                  pulse13   0x0000bb       data     extern C:\CUI\25 servo controller Surface Mount\user_generic_hid.c
                  pulse14   0x0000bd       data     extern C:\CUI\25 servo controller Surface Mount\user_generic_hid.c
                  pulse15   0x0000bf       data     extern C:\CUI\25 servo controller Surface Mount\user_generic_hid.c
                  pulse16   0x0000c1       data     extern C:\CUI\25 servo controller Surface Mount\user_generic_hid.c
                  pulse17   0x0000c3       data     extern C:\CUI\25 servo controller Surface Mount\user_generic_hid.c
                  pulse18   0x0000c5       data     extern C:\CUI\25 servo controller Surface Mount\user_generic_hid.c
                  pulse19   0x0000c7       data     extern C:\CUI\25 servo controller Surface Mount\user_generic_hid.c
                   pulse2   0x0000a5       data     extern C:\CUI\25 servo controller Surface Mount\user_generic_hid.c
                  pulse20   0x0000c9       data     extern C:\CUI\25 servo controller Surface Mount\user_generic_hid.c
                  pulse21   0x0000cb       data     extern C:\CUI\25 servo controller Surface Mount\user_generic_hid.c
                  pulse22   0x0000cd       data     extern C:\CUI\25 servo controller Surface Mount\user_generic_hid.c
                  pulse23   0x0000cf       data     extern C:\CUI\25 servo controller Surface Mount\user_generic_hid.c
                  pulse24   0x0000d1       data     extern C:\CUI\25 servo controller Surface Mount\user_generic_hid.c
                  pulse25   0x0000d3       data     extern C:\CUI\25 servo controller Surface Mount\user_generic_hid.c
                   pulse3   0x0000a7       data     extern C:\CUI\25 servo controller Surface Mount\user_generic_hid.c
                   pulse4   0x0000a9       data     extern C:\CUI\25 servo controller Surface Mount\user_generic_hid.c
                   pulse5   0x0000ab       data     extern C:\CUI\25 servo controller Surface Mount\user_generic_hid.c
                   pulse6   0x0000ad       data     extern C:\CUI\25 servo controller Surface Mount\user_generic_hid.c
                   pulse7   0x0000af       data     extern C:\CUI\25 servo controller Surface Mount\user_generic_hid.c
                   pulse8   0x0000b1       data     extern C:\CUI\25 servo controller Surface Mount\user_generic_hid.c
                   pulse9   0x0000b3       data     extern C:\CUI\25 servo controller Surface Mount\user_generic_hid.c
           receive_buffer   0x000081       data     extern C:\CUI\25 servo controller Surface Mount\user_generic_hid.c
          transmit_buffer   0x000061       data     extern C:\CUI\25 servo controller Surface Mount\user_generic_hid.c
           usb_active_cfg   0x0000fb       data     extern C:\CUI\25 servo controller Surface Mount\usbmmap.c
             usb_alt_intf   0x0000fc       data     extern C:\CUI\25 servo controller Surface Mount\usbmmap.c
         usb_device_state   0x0000f9       data     extern C:\CUI\25 servo controller Surface Mount\usbmmap.c
                 usb_stat   0x0000fa       data     extern C:\CUI\25 servo controller Surface Mount\usbmmap.c
                   wCount   0x000106       data     extern C:\CUI\25 servo controller Surface Mount\usbctrltrf.c



                              Symbols - Sorted by Address
                     Name    Address   Location    Storage File                     
                ---------  ---------  ---------  --------- ---------                
                   _entry   0x000000    program     extern C:\MCC18\src\traditional\startup\c018i.c
       ___return_lbl00000   0x000004    program     static                          
                   _reset   0x000800    program     extern C:\CUI\25 servo controller Surface Mount\main.c
       ___return_lbl00000   0x000804    program     static                          
                 UserInit   0x000838    program     extern C:\CUI\25 servo controller Surface Mount\user_generic_hid.c
                ProcessIO   0x000924    program     extern C:\CUI\25 servo controller Surface Mount\user_generic_hid.c
               __tmplbl_4   0x002c8a    program     static                          
               __tmplbl_2   0x002c8c    program     static                          
               __tmplbl_3   0x002c8c    program     static                          
           ReportLoopback   0x002ca0    program     extern C:\CUI\25 servo controller Surface Mount\user_generic_hid.c
   HandleControlOutReport   0x002e10    program     extern C:\CUI\25 servo controller Surface Mount\user_generic_hid.c
           BlinkUSBStatus   0x002e76    program     extern C:\CUI\25 servo controller Surface Mount\user_generic_hid.c
          GetInputReport0   0x002f06    program     extern C:\CUI\25 servo controller Surface Mount\user_generic_hid.c
        GetFeatureReport0   0x002f2a    program     extern C:\CUI\25 servo controller Surface Mount\user_generic_hid.c
                     step   0x002f4e    program     extern C:\CUI\25 servo controller Surface Mount\user_generic_hid.c
          ___for_lbl00279   0x002f5e    program     static                          
              __tmplbl_24   0x002f7e    program     static                          
          ___for_lbl00277   0x002fa0    program     static                          
          ___for_lbl00278   0x002faa    program     static                          
       ___return_lbl00276   0x002faa    program     static                          
       USBCheckStdRequest   0x002fbe    program     extern C:\CUI\25 servo controller Surface Mount\usb9.c
      USBStdGetDscHandler   0x003080    program     extern C:\CUI\25 servo controller Surface Mount\usb9.c
      USBStdSetCfgHandler   0x003138    program     extern C:\CUI\25 servo controller Surface Mount\usb9.c
   USBStdGetStatusHandler   0x003188    program     extern C:\CUI\25 servo controller Surface Mount\usb9.c
  USBStdFeatureReqHandler   0x003224    program     extern C:\CUI\25 servo controller Surface Mount\usb9.c
         USBCtrlEPService   0x0032c6    program     extern C:\CUI\25 servo controller Surface Mount\usbctrltrf.c
   USBCtrlTrfSetupHandler   0x0032ea    program     extern C:\CUI\25 servo controller Surface Mount\usbctrltrf.c
     USBCtrlTrfOutHandler   0x003356    program     extern C:\CUI\25 servo controller Surface Mount\usbctrltrf.c
      USBCtrlTrfInHandler   0x003382    program     extern C:\CUI\25 servo controller Surface Mount\usbctrltrf.c
      USBCtrlTrfTxService   0x0033bc    program     extern C:\CUI\25 servo controller Surface Mount\usbctrltrf.c
      USBCtrlTrfRxService   0x003498    program     extern C:\CUI\25 servo controller Surface Mount\usbctrltrf.c
 USBCtrlEPServiceComplete   0x003512    program     extern C:\CUI\25 servo controller Surface Mount\usbctrltrf.c
USBPrepareForNextSetupTrf   0x00359e    program     extern C:\CUI\25 servo controller Surface Mount\usbctrltrf.c
       USBCheckHIDRequest   0x0035ba    program     extern C:\CUI\25 servo controller Surface Mount\hid.c
      HIDGetReportHandler   0x0036ba    program     extern C:\CUI\25 servo controller Surface Mount\hid.c
      HIDSetReportHandler   0x003710    program     extern C:\CUI\25 servo controller Surface Mount\hid.c
                HIDInitEP   0x003754    program     extern C:\CUI\25 servo controller Surface Mount\hid.c
              HIDTxReport   0x00377e    program     extern C:\CUI\25 servo controller Surface Mount\hid.c
              HIDRxReport   0x0037f2    program     extern C:\CUI\25 servo controller Surface Mount\hid.c
        USBCheckBusStatus   0x003874    program     extern C:\CUI\25 servo controller Surface Mount\usbdrv.c
          USBModuleEnable   0x003896    program     extern C:\CUI\25 servo controller Surface Mount\usbdrv.c
         USBModuleDisable   0x0038a4    program     extern C:\CUI\25 servo controller Surface Mount\usbdrv.c
            USBSoftDetach   0x0038ae    program     extern C:\CUI\25 servo controller Surface Mount\usbdrv.c
         USBDriverService   0x0038b2    program     extern C:\CUI\25 servo controller Surface Mount\usbdrv.c
               USBSuspend   0x003930    program     extern C:\CUI\25 servo controller Surface Mount\usbdrv.c
           ___if_lbl00029   0x003944    program     static                          
       ___return_lbl00028   0x003948    program     static                          
       USBWakeFromSuspend   0x00394a    program     extern C:\CUI\25 servo controller Surface Mount\usbdrv.c
          USBRemoteWakeup   0x003952    program     extern C:\CUI\25 servo controller Surface Mount\usbdrv.c
          USB_SOF_Handler   0x003976    program     extern C:\CUI\25 servo controller Surface Mount\usbdrv.c
          USBStallHandler   0x00397a    program     extern C:\CUI\25 servo controller Surface Mount\usbdrv.c
          USBErrorHandler   0x003988    program     extern C:\CUI\25 servo controller Surface Mount\usbdrv.c
  USBProtocolResetHandler   0x00398c    program     extern C:\CUI\25 servo controller Surface Mount\usbdrv.c
               ClearArray   0x0039d0    program     extern C:\CUI\25 servo controller Surface Mount\usbdrv.c
        ___while_lbl00044   0x0039e4    program     static                          
       ___return_lbl00043   0x0039f2    program     static                          
        ___while_lbl00045   0x0039f2    program     static                          
               device_dsc   0x0039fa    program     extern C:\CUI\25 servo controller Surface Mount\usbdsc.c
                    cfg01   0x003a0c    program     extern C:\CUI\25 servo controller Surface Mount\usbdsc.c
                    sd000   0x003a35    program     extern C:\CUI\25 servo controller Surface Mount\usbdsc.c
                    sd001   0x003a39    program     extern C:\CUI\25 servo controller Surface Mount\usbdsc.c
                    sd002   0x003a55    program     extern C:\CUI\25 servo controller Surface Mount\usbdsc.c
                hid_rpt01   0x003a5f    program     extern C:\CUI\25 servo controller Surface Mount\usbdsc.c
               USB_CD_Ptr   0x003a8e    program     extern C:\CUI\25 servo controller Surface Mount\usbdsc.c
               USB_SD_Ptr   0x003a92    program     extern C:\CUI\25 servo controller Surface Mount\usbdsc.c
          ClassReqHandler   0x003a98    program     extern C:\CUI\25 servo controller Surface Mount\usbdsc.c
                _do_cinit   0x003a9a    program     extern C:\MCC18\src\traditional\startup\c018i.c
                     test   0x003ab4    program     static                          
                copy_loop   0x003b0c    program     static                          
            copy_one_byte   0x003b12    program     static                          
             done_copying   0x003b20    program     static                          
       ___return_lbl00002   0x003b36    program     static                          
                     done   0x003b36    program     static                          
                 FXM1616S   0x003b38    program     extern C:\MCC18\src\traditional\math\fxm1616s.asm
               TSIGN1616A   0x003b84    program     static C:\MCC18\src\traditional\math\fxm1616s.asm
                     main   0x003b92    program     extern C:\CUI\25 servo controller Surface Mount\main.c
         InitializeSystem   0x003b9e    program     static C:\CUI\25 servo controller Surface Mount\main.c
                 USBTasks   0x003bb6    program     extern C:\CUI\25 servo controller Surface Mount\main.c
            __zero_memory   0x003bc4    program     extern C:\MCC18\src\traditional\proc\p18F4550.asm
                   loop_h   0x003bd2    program     static C:\MCC18\src\traditional\proc\p18F4550.asm
               zero_block   0x003bd2    program     static C:\MCC18\src\traditional\proc\p18F4550.asm
                compare_l   0x003bda    program     static C:\MCC18\src\traditional\proc\p18F4550.asm
                   loop_l   0x003bdc    program     static C:\MCC18\src\traditional\proc\p18F4550.asm
                 _startup   0x003be4    program     extern C:\MCC18\src\traditional\startup\c018i.c
                     loop   0x003bf4    program     static                          
       ___return_lbl00001   0x003bfe    program     static                          
             Delay100TCYx   0x003c00    program     extern C:\MCC18\src\traditional\delays\d100tcyx.asm
       _D100TCYXCODE_0008   0x003c08    program     static C:\MCC18\src\traditional\delays\d100tcyx.asm
                    D100x   0x003c0c    program     static C:\MCC18\src\traditional\delays\d100tcyx.asm
                   D100_1   0x003c0e    program     static C:\MCC18\src\traditional\delays\d100tcyx.asm
       _D100TCYXCODE_0012   0x003c12    program     static C:\MCC18\src\traditional\delays\d100tcyx.asm
       _D100TCYXCODE_0018   0x003c18    program     static C:\MCC18\src\traditional\delays\d100tcyx.asm
              Delay10TCYx   0x003c1c    program     extern C:\MCC18\src\traditional\delays\d10tcyx.asm
                     D10x   0x003c24    program     static C:\MCC18\src\traditional\delays\d10tcyx.asm
        _D10TCYXCODE_000A   0x003c26    program     static C:\MCC18\src\traditional\delays\d10tcyx.asm
        _D10TCYXCODE_000C   0x003c28    program     static C:\MCC18\src\traditional\delays\d10tcyx.asm
        _D10TCYXCODE_000E   0x003c2a    program     static C:\MCC18\src\traditional\delays\d10tcyx.asm
                    D10_1   0x003c2c    program     static C:\MCC18\src\traditional\delays\d10tcyx.asm
                   __init   0x003c32    program     extern C:\MCC18\src\traditional\stdclib\__init.c
                     SIGN   0x000000       data     extern C:\MCC18\src\traditional\math\cmath18.asm
            __FPFLAGSbits   0x000001       data     extern C:\MCC18\src\traditional\math\cmath18.asm
                __FPFLAGS   0x000001       data     extern C:\MCC18\src\traditional\math\cmath18.asm
                 __AARGB7   0x000002       data     extern C:\MCC18\src\traditional\math\aarg.asm
                  __REMB3   0x000002       data     extern C:\MCC18\src\traditional\math\aarg.asm
                  __REMB2   0x000003       data     extern C:\MCC18\src\traditional\math\aarg.asm
                 __AARGB6   0x000003       data     extern C:\MCC18\src\traditional\math\aarg.asm
                 __AARGB5   0x000004       data     extern C:\MCC18\src\traditional\math\aarg.asm
                  __REMB1   0x000004       data     extern C:\MCC18\src\traditional\math\aarg.asm
                 __AARGB4   0x000005       data     extern C:\MCC18\src\traditional\math\aarg.asm
                  __REMB0   0x000005       data     extern C:\MCC18\src\traditional\math\aarg.asm
                 __AARGB3   0x000006       data     extern C:\MCC18\src\traditional\math\aarg.asm
                 __AARGB2   0x000007       data     extern C:\MCC18\src\traditional\math\aarg.asm
                 __AARGB1   0x000008       data     extern C:\MCC18\src\traditional\math\aarg.asm
                 __AARGB0   0x000009       data     extern C:\MCC18\src\traditional\math\aarg.asm
                   __AEXP   0x00000a       data     extern C:\MCC18\src\traditional\math\aarg.asm
                 __BARGB3   0x00000b       data     extern C:\MCC18\src\traditional\math\barg.asm
                 __BARGB2   0x00000c       data     extern C:\MCC18\src\traditional\math\barg.asm
                 __BARGB1   0x00000d       data     extern C:\MCC18\src\traditional\math\barg.asm
                 __BARGB0   0x00000e       data     extern C:\MCC18\src\traditional\math\barg.asm
                   __BEXP   0x00000f       data     extern C:\MCC18\src\traditional\math\barg.asm
                 __TEMPB3   0x000010       data     extern C:\MCC18\src\traditional\math\temparg.asm
                 __TEMPB2   0x000011       data     extern C:\MCC18\src\traditional\math\temparg.asm
                 __TEMPB1   0x000012       data     extern C:\MCC18\src\traditional\math\temparg.asm
                   __TEMP   0x000013       data     extern C:\MCC18\src\traditional\math\temparg.asm
                 __TEMPB0   0x000013       data     extern C:\MCC18\src\traditional\math\temparg.asm
                  __tmp_0   0x000014       data     static C:\CUI\25 servo controller Surface Mount\usbctrltrf.c
                  __tmp_0   0x000014       data     static C:\CUI\25 servo controller Surface Mount\usb9.c
                  __tmp_0   0x000014       data     static C:\CUI\25 servo controller Surface Mount\hid.c
                  __tmp_0   0x000014       data     static C:\CUI\25 servo controller Surface Mount\user_generic_hid.c
            DelayCounter1   0x00001c       data     extern C:\MCC18\src\traditional\delays\delayd1.asm
     number_of_bytes_read   0x000060       data     extern C:\CUI\25 servo controller Surface Mount\user_generic_hid.c
          transmit_buffer   0x000061       data     extern C:\CUI\25 servo controller Surface Mount\user_generic_hid.c
           receive_buffer   0x000081       data     extern C:\CUI\25 servo controller Surface Mount\user_generic_hid.c
                    count   0x0000a1       data     extern C:\CUI\25 servo controller Surface Mount\user_generic_hid.c
                   pulse1   0x0000a3       data     extern C:\CUI\25 servo controller Surface Mount\user_generic_hid.c
                   pulse2   0x0000a5       data     extern C:\CUI\25 servo controller Surface Mount\user_generic_hid.c
                   pulse3   0x0000a7       data     extern C:\CUI\25 servo controller Surface Mount\user_generic_hid.c
                   pulse4   0x0000a9       data     extern C:\CUI\25 servo controller Surface Mount\user_generic_hid.c
                   pulse5   0x0000ab       data     extern C:\CUI\25 servo controller Surface Mount\user_generic_hid.c
                   pulse6   0x0000ad       data     extern C:\CUI\25 servo controller Surface Mount\user_generic_hid.c
                   pulse7   0x0000af       data     extern C:\CUI\25 servo controller Surface Mount\user_generic_hid.c
                   pulse8   0x0000b1       data     extern C:\CUI\25 servo controller Surface Mount\user_generic_hid.c
                   pulse9   0x0000b3       data     extern C:\CUI\25 servo controller Surface Mount\user_generic_hid.c
                  pulse10   0x0000b5       data     extern C:\CUI\25 servo controller Surface Mount\user_generic_hid.c
                  pulse11   0x0000b7       data     extern C:\CUI\25 servo controller Surface Mount\user_generic_hid.c
                  pulse12   0x0000b9       data     extern C:\CUI\25 servo controller Surface Mount\user_generic_hid.c
                  pulse13   0x0000bb       data     extern C:\CUI\25 servo controller Surface Mount\user_generic_hid.c
                  pulse14   0x0000bd       data     extern C:\CUI\25 servo controller Surface Mount\user_generic_hid.c
                  pulse15   0x0000bf       data     extern C:\CUI\25 servo controller Surface Mount\user_generic_hid.c
                  pulse16   0x0000c1       data     extern C:\CUI\25 servo controller Surface Mount\user_generic_hid.c
                  pulse17   0x0000c3       data     extern C:\CUI\25 servo controller Surface Mount\user_generic_hid.c
                  pulse18   0x0000c5       data     extern C:\CUI\25 servo controller Surface Mount\user_generic_hid.c
                  pulse19   0x0000c7       data     extern C:\CUI\25 servo controller Surface Mount\user_generic_hid.c
                  pulse20   0x0000c9       data     extern C:\CUI\25 servo controller Surface Mount\user_generic_hid.c
                  pulse21   0x0000cb       data     extern C:\CUI\25 servo controller Surface Mount\user_generic_hid.c
                  pulse22   0x0000cd       data     extern C:\CUI\25 servo controller Surface Mount\user_generic_hid.c
                  pulse23   0x0000cf       data     extern C:\CUI\25 servo controller Surface Mount\user_generic_hid.c
                  pulse24   0x0000d1       data     extern C:\CUI\25 servo controller Surface Mount\user_generic_hid.c
                  pulse25   0x0000d3       data     extern C:\CUI\25 servo controller Surface Mount\user_generic_hid.c
                     dif1   0x0000d5       data     extern C:\CUI\25 servo controller Surface Mount\user_generic_hid.c
                     dif2   0x0000d7       data     extern C:\CUI\25 servo controller Surface Mount\user_generic_hid.c
                     dif3   0x0000d9       data     extern C:\CUI\25 servo controller Surface Mount\user_generic_hid.c
                     dif4   0x0000db       data     extern C:\CUI\25 servo controller Surface Mount\user_generic_hid.c
                     dif5   0x0000dd       data     extern C:\CUI\25 servo controller Surface Mount\user_generic_hid.c
                     dif6   0x0000df       data     extern C:\CUI\25 servo controller Surface Mount\user_generic_hid.c
                     dif7   0x0000e1       data     extern C:\CUI\25 servo controller Surface Mount\user_generic_hid.c
                     dif8   0x0000e3       data     extern C:\CUI\25 servo controller Surface Mount\user_generic_hid.c
                     dif9   0x0000e5       data     extern C:\CUI\25 servo controller Surface Mount\user_generic_hid.c
                    dif10   0x0000e7       data     extern C:\CUI\25 servo controller Surface Mount\user_generic_hid.c
                    dif11   0x0000e9       data     extern C:\CUI\25 servo controller Surface Mount\user_generic_hid.c
                    dif12   0x0000eb       data     extern C:\CUI\25 servo controller Surface Mount\user_generic_hid.c
                    dif13   0x0000ed       data     extern C:\CUI\25 servo controller Surface Mount\user_generic_hid.c
                     prom   0x0000ef       data     static C:\MCC18\src\traditional\startup\c018i.c
                curr_byte   0x0000f2       data     static C:\MCC18\src\traditional\startup\c018i.c
               curr_entry   0x0000f4       data     static C:\MCC18\src\traditional\startup\c018i.c
                 data_ptr   0x0000f6       data     static C:\MCC18\src\traditional\startup\c018i.c
         usb_device_state   0x0000f9       data     extern C:\CUI\25 servo controller Surface Mount\usbmmap.c
                 usb_stat   0x0000fa       data     extern C:\CUI\25 servo controller Surface Mount\usbmmap.c
           usb_active_cfg   0x0000fb       data     extern C:\CUI\25 servo controller Surface Mount\usbmmap.c
             usb_alt_intf   0x0000fc       data     extern C:\CUI\25 servo controller Surface Mount\usbmmap.c
                idle_rate   0x0000fd       data     extern C:\CUI\25 servo controller Surface Mount\hid.c
          active_protocol   0x0000fe       data     extern C:\CUI\25 servo controller Surface Mount\hid.c
           hid_rpt_rx_len   0x0000ff       data     extern C:\CUI\25 servo controller Surface Mount\hid.c
           ctrl_trf_state   0x000100       data     extern C:\CUI\25 servo controller Surface Mount\usbctrltrf.c
   ctrl_trf_session_owner   0x000101       data     extern C:\CUI\25 servo controller Surface Mount\usbctrltrf.c
                     pSrc   0x000102       data     extern C:\CUI\25 servo controller Surface Mount\usbctrltrf.c
                     pDst   0x000104       data     extern C:\CUI\25 servo controller Surface Mount\usbctrltrf.c
                   wCount   0x000106       data     extern C:\CUI\25 servo controller Surface Mount\usbctrltrf.c
              delay_count   0x000108       data     static C:\CUI\25 servo controller Surface Mount\usbdrv.c
                led_count   0x00010a       data     static C:\CUI\25 servo controller Surface Mount\user_generic_hid.c
                    ep0Bo   0x000400       data     extern C:\CUI\25 servo controller Surface Mount\usbmmap.c
                    ep0Bi   0x000404       data     extern C:\CUI\25 servo controller Surface Mount\usbmmap.c
                    ep1Bo   0x000408       data     extern C:\CUI\25 servo controller Surface Mount\usbmmap.c
                    ep1Bi   0x00040c       data     extern C:\CUI\25 servo controller Surface Mount\usbmmap.c
                 SetupPkt   0x000410       data     extern C:\CUI\25 servo controller Surface Mount\usbmmap.c
              CtrlTrfData   0x000430       data     extern C:\CUI\25 servo controller Surface Mount\usbmmap.c
           hid_report_out   0x000450       data     extern C:\CUI\25 servo controller Surface Mount\usbmmap.c
            hid_report_in   0x000470       data     extern C:\CUI\25 servo controller Surface Mount\usbmmap.c
       hid_report_feature   0x000490       data     extern C:\CUI\25 servo controller Surface Mount\usbmmap.c
                  SPPDATA   0x000f62       data     extern C:\MCC18\src\traditional\proc\p18F4550.asm
                   SPPCFG   0x000f63       data     extern C:\MCC18\src\traditional\proc\p18F4550.asm
               SPPCFGbits   0x000f63       data     extern C:\MCC18\src\traditional\proc\p18F4550.asm
                   SPPEPS   0x000f64       data     extern C:\MCC18\src\traditional\proc\p18F4550.asm
               SPPEPSbits   0x000f64       data     extern C:\MCC18\src\traditional\proc\p18F4550.asm
                   SPPCON   0x000f65       data     extern C:\MCC18\src\traditional\proc\p18F4550.asm
               SPPCONbits   0x000f65       data     extern C:\MCC18\src\traditional\proc\p18F4550.asm
                     UFRM   0x000f66       data     extern C:\MCC18\src\traditional\proc\p18F4550.asm
                UFRMLbits   0x000f66       data     extern C:\MCC18\src\traditional\proc\p18F4550.asm
                    UFRML   0x000f66       data     extern C:\MCC18\src\traditional\proc\p18F4550.asm
                UFRMHbits   0x000f67       data     extern C:\MCC18\src\traditional\proc\p18F4550.asm
                    UFRMH   0x000f67       data     extern C:\MCC18\src\traditional\proc\p18F4550.asm
                      UIR   0x000f68       data     extern C:\MCC18\src\traditional\proc\p18F4550.asm
                  UIRbits   0x000f68       data     extern C:\MCC18\src\traditional\proc\p18F4550.asm
                  UIEbits   0x000f69       data     extern C:\MCC18\src\traditional\proc\p18F4550.asm
                      UIE   0x000f69       data     extern C:\MCC18\src\traditional\proc\p18F4550.asm
                 UEIRbits   0x000f6a       data     extern C:\MCC18\src\traditional\proc\p18F4550.asm
                     UEIR   0x000f6a       data     extern C:\MCC18\src\traditional\proc\p18F4550.asm
                     UEIE   0x000f6b       data     extern C:\MCC18\src\traditional\proc\p18F4550.asm
                 UEIEbits   0x000f6b       data     extern C:\MCC18\src\traditional\proc\p18F4550.asm
                USTATbits   0x000f6c       data     extern C:\MCC18\src\traditional\proc\p18F4550.asm
                    USTAT   0x000f6c       data     extern C:\MCC18\src\traditional\proc\p18F4550.asm
                 UCONbits   0x000f6d       data     extern C:\MCC18\src\traditional\proc\p18F4550.asm
                     UCON   0x000f6d       data     extern C:\MCC18\src\traditional\proc\p18F4550.asm
                UADDRbits   0x000f6e       data     extern C:\MCC18\src\traditional\proc\p18F4550.asm
                    UADDR   0x000f6e       data     extern C:\MCC18\src\traditional\proc\p18F4550.asm
                 UCFGbits   0x000f6f       data     extern C:\MCC18\src\traditional\proc\p18F4550.asm
                     UCFG   0x000f6f       data     extern C:\MCC18\src\traditional\proc\p18F4550.asm
                     UEP0   0x000f70       data     extern C:\MCC18\src\traditional\proc\p18F4550.asm
                 UEP0bits   0x000f70       data     extern C:\MCC18\src\traditional\proc\p18F4550.asm
                 UEP1bits   0x000f71       data     extern C:\MCC18\src\traditional\proc\p18F4550.asm
                     UEP1   0x000f71       data     extern C:\MCC18\src\traditional\proc\p18F4550.asm
                     UEP2   0x000f72       data     extern C:\MCC18\src\traditional\proc\p18F4550.asm
                 UEP2bits   0x000f72       data     extern C:\MCC18\src\traditional\proc\p18F4550.asm
                 UEP3bits   0x000f73       data     extern C:\MCC18\src\traditional\proc\p18F4550.asm
                     UEP3   0x000f73       data     extern C:\MCC18\src\traditional\proc\p18F4550.asm
                     UEP4   0x000f74       data     extern C:\MCC18\src\traditional\proc\p18F4550.asm
                 UEP4bits   0x000f74       data     extern C:\MCC18\src\traditional\proc\p18F4550.asm
                 UEP5bits   0x000f75       data     extern C:\MCC18\src\traditional\proc\p18F4550.asm
                     UEP5   0x000f75       data     extern C:\MCC18\src\traditional\proc\p18F4550.asm
                 UEP6bits   0x000f76       data     extern C:\MCC18\src\traditional\proc\p18F4550.asm
                     UEP6   0x000f76       data     extern C:\MCC18\src\traditional\proc\p18F4550.asm
                     UEP7   0x000f77       data     extern C:\MCC18\src\traditional\proc\p18F4550.asm
                 UEP7bits   0x000f77       data     extern C:\MCC18\src\traditional\proc\p18F4550.asm
                     UEP8   0x000f78       data     extern C:\MCC18\src\traditional\proc\p18F4550.asm
                 UEP8bits   0x000f78       data     extern C:\MCC18\src\traditional\proc\p18F4550.asm
                     UEP9   0x000f79       data     extern C:\MCC18\src\traditional\proc\p18F4550.asm
                 UEP9bits   0x000f79       data     extern C:\MCC18\src\traditional\proc\p18F4550.asm
                UEP10bits   0x000f7a       data     extern C:\MCC18\src\traditional\proc\p18F4550.asm
                    UEP10   0x000f7a       data     extern C:\MCC18\src\traditional\proc\p18F4550.asm
                UEP11bits   0x000f7b       data     extern C:\MCC18\src\traditional\proc\p18F4550.asm
                    UEP11   0x000f7b       data     extern C:\MCC18\src\traditional\proc\p18F4550.asm
                    UEP12   0x000f7c       data     extern C:\MCC18\src\traditional\proc\p18F4550.asm
                UEP12bits   0x000f7c       data     extern C:\MCC18\src\traditional\proc\p18F4550.asm
                    UEP13   0x000f7d       data     extern C:\MCC18\src\traditional\proc\p18F4550.asm
                UEP13bits   0x000f7d       data     extern C:\MCC18\src\traditional\proc\p18F4550.asm
                UEP14bits   0x000f7e       data     extern C:\MCC18\src\traditional\proc\p18F4550.asm
                    UEP14   0x000f7e       data     extern C:\MCC18\src\traditional\proc\p18F4550.asm
                    UEP15   0x000f7f       data     extern C:\MCC18\src\traditional\proc\p18F4550.asm
                UEP15bits   0x000f7f       data     extern C:\MCC18\src\traditional\proc\p18F4550.asm
                    PORTA   0x000f80       data     extern C:\MCC18\src\traditional\proc\p18F4550.asm
                PORTAbits   0x000f80       data     extern C:\MCC18\src\traditional\proc\p18F4550.asm
                    PORTB   0x000f81       data     extern C:\MCC18\src\traditional\proc\p18F4550.asm
                PORTBbits   0x000f81       data     extern C:\MCC18\src\traditional\proc\p18F4550.asm
                    PORTC   0x000f82       data     extern C:\MCC18\src\traditional\proc\p18F4550.asm
                PORTCbits   0x000f82       data     extern C:\MCC18\src\traditional\proc\p18F4550.asm
                    PORTD   0x000f83       data     extern C:\MCC18\src\traditional\proc\p18F4550.asm
                PORTDbits   0x000f83       data     extern C:\MCC18\src\traditional\proc\p18F4550.asm
                PORTEbits   0x000f84       data     extern C:\MCC18\src\traditional\proc\p18F4550.asm
                    PORTE   0x000f84       data     extern C:\MCC18\src\traditional\proc\p18F4550.asm
                 LATAbits   0x000f89       data     extern C:\MCC18\src\traditional\proc\p18F4550.asm
                     LATA   0x000f89       data     extern C:\MCC18\src\traditional\proc\p18F4550.asm
                 LATBbits   0x000f8a       data     extern C:\MCC18\src\traditional\proc\p18F4550.asm
                     LATB   0x000f8a       data     extern C:\MCC18\src\traditional\proc\p18F4550.asm
                     LATC   0x000f8b       data     extern C:\MCC18\src\traditional\proc\p18F4550.asm
                 LATCbits   0x000f8b       data     extern C:\MCC18\src\traditional\proc\p18F4550.asm
                     LATD   0x000f8c       data     extern C:\MCC18\src\traditional\proc\p18F4550.asm
                 LATDbits   0x000f8c       data     extern C:\MCC18\src\traditional\proc\p18F4550.asm
                 LATEbits   0x000f8d       data     extern C:\MCC18\src\traditional\proc\p18F4550.asm
                     LATE   0x000f8d       data     extern C:\MCC18\src\traditional\proc\p18F4550.asm
                    TRISA   0x000f92       data     extern C:\MCC18\src\traditional\proc\p18F4550.asm
                TRISAbits   0x000f92       data     extern C:\MCC18\src\traditional\proc\p18F4550.asm
                 DDRAbits   0x000f92       data     extern C:\MCC18\src\traditional\proc\p18F4550.asm
                     DDRA   0x000f92       data     extern C:\MCC18\src\traditional\proc\p18F4550.asm
                 DDRBbits   0x000f93       data     extern C:\MCC18\src\traditional\proc\p18F4550.asm
                    TRISB   0x000f93       data     extern C:\MCC18\src\traditional\proc\p18F4550.asm
                TRISBbits   0x000f93       data     extern C:\MCC18\src\traditional\proc\p18F4550.asm
                     DDRB   0x000f93       data     extern C:\MCC18\src\traditional\proc\p18F4550.asm
                 DDRCbits   0x000f94       data     extern C:\MCC18\src\traditional\proc\p18F4550.asm
                     DDRC   0x000f94       data     extern C:\MCC18\src\traditional\proc\p18F4550.asm
                    TRISC   0x000f94       data     extern C:\MCC18\src\traditional\proc\p18F4550.asm
                TRISCbits   0x000f94       data     extern C:\MCC18\src\traditional\proc\p18F4550.asm
                 DDRDbits   0x000f95       data     extern C:\MCC18\src\traditional\proc\p18F4550.asm
                     DDRD   0x000f95       data     extern C:\MCC18\src\traditional\proc\p18F4550.asm
                    TRISD   0x000f95       data     extern C:\MCC18\src\traditional\proc\p18F4550.asm
                TRISDbits   0x000f95       data     extern C:\MCC18\src\traditional\proc\p18F4550.asm
                     DDRE   0x000f96       data     extern C:\MCC18\src\traditional\proc\p18F4550.asm
                 DDREbits   0x000f96       data     extern C:\MCC18\src\traditional\proc\p18F4550.asm
                    TRISE   0x000f96       data     extern C:\MCC18\src\traditional\proc\p18F4550.asm
                TRISEbits   0x000f96       data     extern C:\MCC18\src\traditional\proc\p18F4550.asm
              OSCTUNEbits   0x000f9b       data     extern C:\MCC18\src\traditional\proc\p18F4550.asm
                  OSCTUNE   0x000f9b       data     extern C:\MCC18\src\traditional\proc\p18F4550.asm
                     PIE1   0x000f9d       data     extern C:\MCC18\src\traditional\proc\p18F4550.asm
                 PIE1bits   0x000f9d       data     extern C:\MCC18\src\traditional\proc\p18F4550.asm
                     PIR1   0x000f9e       data     extern C:\MCC18\src\traditional\proc\p18F4550.asm
                 PIR1bits   0x000f9e       data     extern C:\MCC18\src\traditional\proc\p18F4550.asm
                 IPR1bits   0x000f9f       data     extern C:\MCC18\src\traditional\proc\p18F4550.asm
                     IPR1   0x000f9f       data     extern C:\MCC18\src\traditional\proc\p18F4550.asm
                     PIE2   0x000fa0       data     extern C:\MCC18\src\traditional\proc\p18F4550.asm
                 PIE2bits   0x000fa0       data     extern C:\MCC18\src\traditional\proc\p18F4550.asm
                 PIR2bits   0x000fa1       data     extern C:\MCC18\src\traditional\proc\p18F4550.asm
                     PIR2   0x000fa1       data     extern C:\MCC18\src\traditional\proc\p18F4550.asm
                 IPR2bits   0x000fa2       data     extern C:\MCC18\src\traditional\proc\p18F4550.asm
                     IPR2   0x000fa2       data     extern C:\MCC18\src\traditional\proc\p18F4550.asm
               EECON1bits   0x000fa6       data     extern C:\MCC18\src\traditional\proc\p18F4550.asm
                   EECON1   0x000fa6       data     extern C:\MCC18\src\traditional\proc\p18F4550.asm
                   EECON2   0x000fa7       data     extern C:\MCC18\src\traditional\proc\p18F4550.asm
                   EEDATA   0x000fa8       data     extern C:\MCC18\src\traditional\proc\p18F4550.asm
                    EEADR   0x000fa9       data     extern C:\MCC18\src\traditional\proc\p18F4550.asm
                    RCSTA   0x000fab       data     extern C:\MCC18\src\traditional\proc\p18F4550.asm
                RCSTAbits   0x000fab       data     extern C:\MCC18\src\traditional\proc\p18F4550.asm
                TXSTAbits   0x000fac       data     extern C:\MCC18\src\traditional\proc\p18F4550.asm
                    TXSTA   0x000fac       data     extern C:\MCC18\src\traditional\proc\p18F4550.asm
                    TXREG   0x000fad       data     extern C:\MCC18\src\traditional\proc\p18F4550.asm
                    RCREG   0x000fae       data     extern C:\MCC18\src\traditional\proc\p18F4550.asm
                    SPBRG   0x000faf       data     extern C:\MCC18\src\traditional\proc\p18F4550.asm
                   SPBRGH   0x000fb0       data     extern C:\MCC18\src\traditional\proc\p18F4550.asm
                    T3CON   0x000fb1       data     extern C:\MCC18\src\traditional\proc\p18F4550.asm
                T3CONbits   0x000fb1       data     extern C:\MCC18\src\traditional\proc\p18F4550.asm
                    TMR3L   0x000fb2       data     extern C:\MCC18\src\traditional\proc\p18F4550.asm
                    TMR3H   0x000fb3       data     extern C:\MCC18\src\traditional\proc\p18F4550.asm
                    CMCON   0x000fb4       data     extern C:\MCC18\src\traditional\proc\p18F4550.asm
                CMCONbits   0x000fb4       data     extern C:\MCC18\src\traditional\proc\p18F4550.asm
                   CVRCON   0x000fb5       data     extern C:\MCC18\src\traditional\proc\p18F4550.asm
               CVRCONbits   0x000fb5       data     extern C:\MCC18\src\traditional\proc\p18F4550.asm
                   CCP1AS   0x000fb6       data     extern C:\MCC18\src\traditional\proc\p18F4550.asm
              ECCP1ASbits   0x000fb6       data     extern C:\MCC18\src\traditional\proc\p18F4550.asm
                  ECCP1AS   0x000fb6       data     extern C:\MCC18\src\traditional\proc\p18F4550.asm
               CCP1ASbits   0x000fb6       data     extern C:\MCC18\src\traditional\proc\p18F4550.asm
                  CCP1DEL   0x000fb7       data     extern C:\MCC18\src\traditional\proc\p18F4550.asm
                 ECCP1DEL   0x000fb7       data     extern C:\MCC18\src\traditional\proc\p18F4550.asm
              CCP1DELbits   0x000fb7       data     extern C:\MCC18\src\traditional\proc\p18F4550.asm
             ECCP1DELbits   0x000fb7       data     extern C:\MCC18\src\traditional\proc\p18F4550.asm
              BAUDCONbits   0x000fb8       data     extern C:\MCC18\src\traditional\proc\p18F4550.asm
                  BAUDCON   0x000fb8       data     extern C:\MCC18\src\traditional\proc\p18F4550.asm
              CCP2CONbits   0x000fba       data     extern C:\MCC18\src\traditional\proc\p18F4550.asm
                  CCP2CON   0x000fba       data     extern C:\MCC18\src\traditional\proc\p18F4550.asm
                   CCPR2L   0x000fbb       data     extern C:\MCC18\src\traditional\proc\p18F4550.asm
                    CCPR2   0x000fbb       data     extern C:\MCC18\src\traditional\proc\p18F4550.asm
                   CCPR2H   0x000fbc       data     extern C:\MCC18\src\traditional\proc\p18F4550.asm
                 ECCP1CON   0x000fbd       data     extern C:\MCC18\src\traditional\proc\p18F4550.asm
             ECCP1CONbits   0x000fbd       data     extern C:\MCC18\src\traditional\proc\p18F4550.asm
              CCP1CONbits   0x000fbd       data     extern C:\MCC18\src\traditional\proc\p18F4550.asm
                  CCP1CON   0x000fbd       data     extern C:\MCC18\src\traditional\proc\p18F4550.asm
                   CCPR1L   0x000fbe       data     extern C:\MCC18\src\traditional\proc\p18F4550.asm
                    CCPR1   0x000fbe       data     extern C:\MCC18\src\traditional\proc\p18F4550.asm
                   CCPR1H   0x000fbf       data     extern C:\MCC18\src\traditional\proc\p18F4550.asm
               ADCON2bits   0x000fc0       data     extern C:\MCC18\src\traditional\proc\p18F4550.asm
                   ADCON2   0x000fc0       data     extern C:\MCC18\src\traditional\proc\p18F4550.asm
               ADCON1bits   0x000fc1       data     extern C:\MCC18\src\traditional\proc\p18F4550.asm
                   ADCON1   0x000fc1       data     extern C:\MCC18\src\traditional\proc\p18F4550.asm
                   ADCON0   0x000fc2       data     extern C:\MCC18\src\traditional\proc\p18F4550.asm
               ADCON0bits   0x000fc2       data     extern C:\MCC18\src\traditional\proc\p18F4550.asm
                    ADRES   0x000fc3       data     extern C:\MCC18\src\traditional\proc\p18F4550.asm
                   ADRESL   0x000fc3       data     extern C:\MCC18\src\traditional\proc\p18F4550.asm
                   ADRESH   0x000fc4       data     extern C:\MCC18\src\traditional\proc\p18F4550.asm
                  SSPCON2   0x000fc5       data     extern C:\MCC18\src\traditional\proc\p18F4550.asm
              SSPCON2bits   0x000fc5       data     extern C:\MCC18\src\traditional\proc\p18F4550.asm
                  SSPCON1   0x000fc6       data     extern C:\MCC18\src\traditional\proc\p18F4550.asm
              SSPCON1bits   0x000fc6       data     extern C:\MCC18\src\traditional\proc\p18F4550.asm
                  SSPSTAT   0x000fc7       data     extern C:\MCC18\src\traditional\proc\p18F4550.asm
              SSPSTATbits   0x000fc7       data     extern C:\MCC18\src\traditional\proc\p18F4550.asm
                   SSPADD   0x000fc8       data     extern C:\MCC18\src\traditional\proc\p18F4550.asm
                   SSPBUF   0x000fc9       data     extern C:\MCC18\src\traditional\proc\p18F4550.asm
                    T2CON   0x000fca       data     extern C:\MCC18\src\traditional\proc\p18F4550.asm
                T2CONbits   0x000fca       data     extern C:\MCC18\src\traditional\proc\p18F4550.asm
                      PR2   0x000fcb       data     extern C:\MCC18\src\traditional\proc\p18F4550.asm
                     TMR2   0x000fcc       data     extern C:\MCC18\src\traditional\proc\p18F4550.asm
                T1CONbits   0x000fcd       data     extern C:\MCC18\src\traditional\proc\p18F4550.asm
                    T1CON   0x000fcd       data     extern C:\MCC18\src\traditional\proc\p18F4550.asm
                    TMR1L   0x000fce       data     extern C:\MCC18\src\traditional\proc\p18F4550.asm
                    TMR1H   0x000fcf       data     extern C:\MCC18\src\traditional\proc\p18F4550.asm
                     RCON   0x000fd0       data     extern C:\MCC18\src\traditional\proc\p18F4550.asm
                 RCONbits   0x000fd0       data     extern C:\MCC18\src\traditional\proc\p18F4550.asm
               WDTCONbits   0x000fd1       data     extern C:\MCC18\src\traditional\proc\p18F4550.asm
                   WDTCON   0x000fd1       data     extern C:\MCC18\src\traditional\proc\p18F4550.asm
               LVDCONbits   0x000fd2       data     extern C:\MCC18\src\traditional\proc\p18F4550.asm
                   LVDCON   0x000fd2       data     extern C:\MCC18\src\traditional\proc\p18F4550.asm
              HLVDCONbits   0x000fd2       data     extern C:\MCC18\src\traditional\proc\p18F4550.asm
                  HLVDCON   0x000fd2       data     extern C:\MCC18\src\traditional\proc\p18F4550.asm
               OSCCONbits   0x000fd3       data     extern C:\MCC18\src\traditional\proc\p18F4550.asm
                   OSCCON   0x000fd3       data     extern C:\MCC18\src\traditional\proc\p18F4550.asm
                    T0CON   0x000fd5       data     extern C:\MCC18\src\traditional\proc\p18F4550.asm
                T0CONbits   0x000fd5       data     extern C:\MCC18\src\traditional\proc\p18F4550.asm
                    TMR0L   0x000fd6       data     extern C:\MCC18\src\traditional\proc\p18F4550.asm
                    TMR0H   0x000fd7       data     extern C:\MCC18\src\traditional\proc\p18F4550.asm
                   STATUS   0x000fd8       data     extern C:\MCC18\src\traditional\proc\p18F4550.asm
               STATUSbits   0x000fd8       data     extern C:\MCC18\src\traditional\proc\p18F4550.asm
                    FSR2L   0x000fd9       data     extern C:\MCC18\src\traditional\proc\p18F4550.asm
                     FSR2   0x000fd9       data     extern C:\MCC18\src\traditional\proc\p18F4550.asm
                    FSR2H   0x000fda       data     extern C:\MCC18\src\traditional\proc\p18F4550.asm
                   PLUSW2   0x000fdb       data     extern C:\MCC18\src\traditional\proc\p18F4550.asm
                  PREINC2   0x000fdc       data     extern C:\MCC18\src\traditional\proc\p18F4550.asm
                 POSTDEC2   0x000fdd       data     extern C:\MCC18\src\traditional\proc\p18F4550.asm
                 POSTINC2   0x000fde       data     extern C:\MCC18\src\traditional\proc\p18F4550.asm
                    INDF2   0x000fdf       data     extern C:\MCC18\src\traditional\proc\p18F4550.asm
                      BSR   0x000fe0       data     extern C:\MCC18\src\traditional\proc\p18F4550.asm
                    FSR1L   0x000fe1       data     extern C:\MCC18\src\traditional\proc\p18F4550.asm
                     FSR1   0x000fe1       data     extern C:\MCC18\src\traditional\proc\p18F4550.asm
                    FSR1H   0x000fe2       data     extern C:\MCC18\src\traditional\proc\p18F4550.asm
                   PLUSW1   0x000fe3       data     extern C:\MCC18\src\traditional\proc\p18F4550.asm
                  PREINC1   0x000fe4       data     extern C:\MCC18\src\traditional\proc\p18F4550.asm
                 POSTDEC1   0x000fe5       data     extern C:\MCC18\src\traditional\proc\p18F4550.asm
                 POSTINC1   0x000fe6       data     extern C:\MCC18\src\traditional\proc\p18F4550.asm
                    INDF1   0x000fe7       data     extern C:\MCC18\src\traditional\proc\p18F4550.asm
                     WREG   0x000fe8       data     extern C:\MCC18\src\traditional\proc\p18F4550.asm
                     FSR0   0x000fe9       data     extern C:\MCC18\src\traditional\proc\p18F4550.asm
                    FSR0L   0x000fe9       data     extern C:\MCC18\src\traditional\proc\p18F4550.asm
                    FSR0H   0x000fea       data     extern C:\MCC18\src\traditional\proc\p18F4550.asm
                   PLUSW0   0x000feb       data     extern C:\MCC18\src\traditional\proc\p18F4550.asm
                  PREINC0   0x000fec       data     extern C:\MCC18\src\traditional\proc\p18F4550.asm
                 POSTDEC0   0x000fed       data     extern C:\MCC18\src\traditional\proc\p18F4550.asm
                 POSTINC0   0x000fee       data     extern C:\MCC18\src\traditional\proc\p18F4550.asm
                    INDF0   0x000fef       data     extern C:\MCC18\src\traditional\proc\p18F4550.asm
              INTCON3bits   0x000ff0       data     extern C:\MCC18\src\traditional\proc\p18F4550.asm
                  INTCON3   0x000ff0       data     extern C:\MCC18\src\traditional\proc\p18F4550.asm
              INTCON2bits   0x000ff1       data     extern C:\MCC18\src\traditional\proc\p18F4550.asm
                  INTCON2   0x000ff1       data     extern C:\MCC18\src\traditional\proc\p18F4550.asm
               INTCONbits   0x000ff2       data     extern C:\MCC18\src\traditional\proc\p18F4550.asm
                   INTCON   0x000ff2       data     extern C:\MCC18\src\traditional\proc\p18F4550.asm
                     PROD   0x000ff3       data     extern C:\MCC18\src\traditional\proc\p18F4550.asm
                    PRODL   0x000ff3       data     extern C:\MCC18\src\traditional\proc\p18F4550.asm
                    PRODH   0x000ff4       data     extern C:\MCC18\src\traditional\proc\p18F4550.asm
                   TABLAT   0x000ff5       data     extern C:\MCC18\src\traditional\proc\p18F4550.asm
                  TBLPTRL   0x000ff6       data     extern C:\MCC18\src\traditional\proc\p18F4550.asm
                   TBLPTR   0x000ff6       data     extern C:\MCC18\src\traditional\proc\p18F4550.asm
                  TBLPTRH   0x000ff7       data     extern C:\MCC18\src\traditional\proc\p18F4550.asm
                  TBLPTRU   0x000ff8       data     extern C:\MCC18\src\traditional\proc\p18F4550.asm
                       PC   0x000ff9       data     extern C:\MCC18\src\traditional\proc\p18F4550.asm
                      PCL   0x000ff9       data     extern C:\MCC18\src\traditional\proc\p18F4550.asm
                   PCLATH   0x000ffa       data     extern C:\MCC18\src\traditional\proc\p18F4550.asm
                   PCLATU   0x000ffb       data     extern C:\MCC18\src\traditional\proc\p18F4550.asm
                   STKPTR   0x000ffc       data     extern C:\MCC18\src\traditional\proc\p18F4550.asm
               STKPTRbits   0x000ffc       data     extern C:\MCC18\src\traditional\proc\p18F4550.asm
                      TOS   0x000ffd       data     extern C:\MCC18\src\traditional\proc\p18F4550.asm
                     TOSL   0x000ffd       data     extern C:\MCC18\src\traditional\proc\p18F4550.asm
                     TOSH   0x000ffe       data     extern C:\MCC18\src\traditional\proc\p18F4550.asm
                     TOSU   0x000fff       data     extern C:\MCC18\src\traditional\proc\p18F4550.asm


